Flow report for top_salsa_intel_00
Sat Dec 13 19:53:46 2025
Quartus Prime Version 23.1std.1 Build 993 05/14/2024 SC Lite Edition


---------------------
; Table of Contents ;
---------------------
  1. Legal Notice
  2. Flow Summary
  3. Flow Settings
  4. Flow Non-Default Global Settings
  5. Flow Elapsed Time
  6. Flow OS Summary
  7. Flow Log
  8. Flow Messages
  9. Flow Suppressed Messages



----------------
; Legal Notice ;
----------------
Copyright (C) 2024  Intel Corporation. All rights reserved.
Your use of Intel Corporation's design tools, logic functions 
and other software and tools, and any partner logic 
functions, and any output files from any of the foregoing 
(including device programming or simulation files), and any 
associated documentation or information are expressly subject 
to the terms and conditions of the Intel Program License 
Subscription Agreement, the Intel Quartus Prime License Agreement,
the Intel FPGA IP License Agreement, or other applicable license
agreement, including, without limitation, that your use is for
the sole purpose of programming logic devices manufactured by
Intel and sold by Intel or its authorized distributors.  Please
refer to the applicable agreement for further details, at
https://fpgasoftware.intel.com/eula.



+-------------------------------------------------------------------------------------+
; Flow Summary                                                                        ;
+------------------------------------+------------------------------------------------+
; Flow Status                        ; Successful - Sat Dec 13 19:53:46 2025          ;
; Quartus Prime Version              ; 23.1std.1 Build 993 05/14/2024 SC Lite Edition ;
; Revision Name                      ; top_salsa_intel_00                             ;
; Top-level Entity Name              ; top_salsa_intel                                ;
; Family                             ; MAX 10                                         ;
; Device                             ; 10M50DAF484C7G                                 ;
; Timing Models                      ; Final                                          ;
; Total logic elements               ; 8,111 / 49,760 ( 16 % )                        ;
;     Total combinational functions  ; 4,259 / 49,760 ( 9 % )                         ;
;     Dedicated logic registers      ; 7,202 / 49,760 ( 14 % )                        ;
; Total registers                    ; 7202                                           ;
; Total pins                         ; 14 / 360 ( 4 % )                               ;
; Total virtual pins                 ; 0                                              ;
; Total memory bits                  ; 0 / 1,677,312 ( 0 % )                          ;
; Embedded Multiplier 9-bit elements ; 0 / 288 ( 0 % )                                ;
; Total PLLs                         ; 0 / 4 ( 0 % )                                  ;
; UFM blocks                         ; 0 / 1 ( 0 % )                                  ;
; ADC blocks                         ; 0 / 2 ( 0 % )                                  ;
+------------------------------------+------------------------------------------------+


+-----------------------------------------+
; Flow Settings                           ;
+-------------------+---------------------+
; Option            ; Setting             ;
+-------------------+---------------------+
; Start date & time ; 12/13/2025 19:49:17 ;
; Main task         ; Compilation         ;
; Revision Name     ; top_salsa_intel_00  ;
+-------------------+---------------------+


+---------------------------------------------------------------------------------------------------------------------------------------------------------+
; Flow Non-Default Global Settings                                                                                                                        ;
+-------------------------------------+----------------------------------------+--------------------+-----------------+-----------------------------------+
; Assignment Name                     ; Value                                  ; Default Value      ; Entity Name     ; Section Id                        ;
+-------------------------------------+----------------------------------------+--------------------+-----------------+-----------------------------------+
; COMPILER_SIGNATURE_ID               ; 91760972303.176564815722812            ; --                 ; --              ; --                                ;
; EDA_GENERATE_FUNCTIONAL_NETLIST     ; Off                                    ; --                 ; --              ; eda_board_design_timing           ;
; EDA_GENERATE_FUNCTIONAL_NETLIST     ; Off                                    ; --                 ; --              ; eda_board_design_boundary_scan    ;
; EDA_GENERATE_FUNCTIONAL_NETLIST     ; Off                                    ; --                 ; --              ; eda_board_design_signal_integrity ;
; EDA_GENERATE_FUNCTIONAL_NETLIST     ; Off                                    ; --                 ; --              ; eda_board_design_symbol           ;
; EDA_OUTPUT_DATA_FORMAT              ; Verilog Hdl                            ; --                 ; --              ; eda_simulation                    ;
; EDA_SIMULATION_TOOL                 ; Questa Intel FPGA (Verilog)            ; <None>             ; --              ; --                                ;
; EDA_TIME_SCALE                      ; 1 ps                                   ; --                 ; --              ; eda_simulation                    ;
; MAX_CORE_JUNCTION_TEMP              ; 85                                     ; --                 ; --              ; --                                ;
; MIN_CORE_JUNCTION_TEMP              ; 0                                      ; --                 ; --              ; --                                ;
; PARTITION_COLOR                     ; -- (Not supported for targeted family) ; --                 ; top_salsa_intel ; Top                               ;
; PARTITION_FITTER_PRESERVATION_LEVEL ; -- (Not supported for targeted family) ; --                 ; top_salsa_intel ; Top                               ;
; PARTITION_NETLIST_TYPE              ; -- (Not supported for targeted family) ; --                 ; top_salsa_intel ; Top                               ;
; POWER_BOARD_THERMAL_MODEL           ; None (CONSERVATIVE)                    ; --                 ; --              ; --                                ;
; POWER_PRESET_COOLING_SOLUTION       ; 23 MM HEAT SINK WITH 200 LFPM AIRFLOW  ; --                 ; --              ; --                                ;
; PROJECT_OUTPUT_DIRECTORY            ; output_files                           ; --                 ; --              ; --                                ;
; TOP_LEVEL_ENTITY                    ; top_salsa_intel                        ; top_salsa_intel_00 ; --              ; --                                ;
+-------------------------------------+----------------------------------------+--------------------+-----------------+-----------------------------------+


+--------------------------------------------------------------------------------------------------------------------------+
; Flow Elapsed Time                                                                                                        ;
+----------------------+--------------+-------------------------+---------------------+------------------------------------+
; Module Name          ; Elapsed Time ; Average Processors Used ; Peak Virtual Memory ; Total CPU Time (on all processors) ;
+----------------------+--------------+-------------------------+---------------------+------------------------------------+
; Analysis & Synthesis ; 00:00:54     ; 1.0                     ; 4904 MB             ; 00:00:52                           ;
; Fitter               ; 00:03:13     ; 1.2                     ; 5769 MB             ; 00:06:10                           ;
; Assembler            ; 00:00:04     ; 1.0                     ; 4852 MB             ; 00:00:04                           ;
; Timing Analyzer      ; 00:00:09     ; 2.4                     ; 5001 MB             ; 00:00:18                           ;
; EDA Netlist Writer   ; 00:00:02     ; 1.0                     ; 4709 MB             ; 00:00:02                           ;
; Total                ; 00:04:22     ; --                      ; --                  ; 00:07:26                           ;
+----------------------+--------------+-------------------------+---------------------+------------------------------------+


+------------------------------------------------------------------------------------+
; Flow OS Summary                                                                    ;
+----------------------+------------------+------------+------------+----------------+
; Module Name          ; Machine Hostname ; OS Name    ; OS Version ; Processor type ;
+----------------------+------------------+------------+------------+----------------+
; Analysis & Synthesis ; NIisan           ; Windows 10 ; 10.0       ; x86_64         ;
; Fitter               ; NIisan           ; Windows 10 ; 10.0       ; x86_64         ;
; Assembler            ; NIisan           ; Windows 10 ; 10.0       ; x86_64         ;
; Timing Analyzer      ; NIisan           ; Windows 10 ; 10.0       ; x86_64         ;
; EDA Netlist Writer   ; NIisan           ; Windows 10 ; 10.0       ; x86_64         ;
+----------------------+------------------+------------+------------+----------------+


------------
; Flow Log ;
------------
quartus_map --read_settings_files=on --write_settings_files=off top_salsa_intel_00 -c top_salsa_intel_00
quartus_fit --read_settings_files=off --write_settings_files=off top_salsa_intel_00 -c top_salsa_intel_00
quartus_asm --read_settings_files=off --write_settings_files=off top_salsa_intel_00 -c top_salsa_intel_00
quartus_sta top_salsa_intel_00 -c top_salsa_intel_00
quartus_eda --read_settings_files=off --write_settings_files=off top_salsa_intel_00 -c top_salsa_intel_00



