
*** Running vivado
    with args -log top_salsa_xilinx.vds -m64 -product Vivado -mode batch -messageDb vivado.pb -notrace -source top_salsa_xilinx.tcl



****** Vivado v2024.2 (64-bit)
  **** SW Build 5239630 on Fri Nov 08 22:35:27 MST 2024
  **** IP Build 5239520 on Sun Nov 10 16:12:51 MST 2024
  **** SharedData Build 5239561 on Fri Nov 08 14:39:27 MST 2024
  **** Start of session at: Thu Oct  9 23:46:41 2025
    ** Copyright 1986-2022 Xilinx, Inc. All Rights Reserved.
    ** Copyright 2022-2024 Advanced Micro Devices, Inc. All Rights Reserved.

source top_salsa_xilinx.tcl -notrace
Command: read_checkpoint -auto_incremental -incremental C:/Users/HP/Desktop/Degree/Nisan_final_project/vivado_implementation/top_interative_02/top_interative_02.srcs/utils_1/imports/synth_1/top_salsa_xilinx.dcp
INFO: [Vivado 12-5825] Read reference checkpoint from C:/Users/HP/Desktop/Degree/Nisan_final_project/vivado_implementation/top_interative_02/top_interative_02.srcs/utils_1/imports/synth_1/top_salsa_xilinx.dcp for incremental synthesis
INFO: [Vivado 12-7989] Please ensure there are no constraint changes
Command: synth_design -top top_salsa_xilinx -part xc7a35tcpg236-1
Starting synth_design
Attempting to get a license for feature 'Synthesis' and/or device 'xc7a35t'
INFO: [Common 17-349] Got license for feature 'Synthesis' and/or device 'xc7a35t'
INFO: [Device 21-403] Loading part xc7a35tcpg236-1
INFO: [Designutils 20-5440] No compile time benefit to using incremental synthesis; A full resynthesis will be run
INFO: [Designutils 20-4379] Flow is switching to default flow due to incremental criteria not met. If you would like to alter this behaviour and have the flow terminate instead, please set the following parameter config_implementation {autoIncr.Synth.RejectBehavior Terminate}
INFO: [Synth 8-7079] Multithreading enabled for synth_design using a maximum of 2 processes.
INFO: [Synth 8-7078] Launching helper process for spawning children vivado processes
INFO: [Synth 8-7075] Helper process launched with PID 14072
---------------------------------------------------------------------------------
Starting RTL Elaboration : Time (s): cpu = 00:00:07 ; elapsed = 00:00:08 . Memory (MB): peak = 1037.863 ; gain = 467.660
---------------------------------------------------------------------------------
INFO: [Synth 8-6157] synthesizing module 'top_salsa_xilinx' [C:/Users/HP/Desktop/Degree/Nisan_final_project/Code_files/1.Verilog_Design_Code/top_salsa_xilinx.sv:18]
INFO: [Synth 8-6157] synthesizing module 'clk_wiz_0' [C:/Users/HP/Desktop/Degree/Nisan_final_project/vivado_implementation/top_interative_02/top_interative_02.runs/synth_1/.Xil/Vivado-22944-NIisan/realtime/clk_wiz_0_stub.v:6]
INFO: [Synth 8-6155] done synthesizing module 'clk_wiz_0' (0#1) [C:/Users/HP/Desktop/Degree/Nisan_final_project/vivado_implementation/top_interative_02/top_interative_02.runs/synth_1/.Xil/Vivado-22944-NIisan/realtime/clk_wiz_0_stub.v:6]
INFO: [Synth 8-6157] synthesizing module 'salsa_hash_interative_wrapper' [C:/Users/HP/Desktop/Degree/Nisan_final_project/Code_files/1.Verilog_Design_Code/salsa_hash_interative_wrapper.sv:28]
INFO: [Synth 8-6157] synthesizing module 'constant_select' [C:/Users/HP/Desktop/Degree/Nisan_final_project/Code_files/1.Verilog_Design_Code/constant_select.sv:29]
INFO: [Synth 8-6155] done synthesizing module 'constant_select' (0#1) [C:/Users/HP/Desktop/Degree/Nisan_final_project/Code_files/1.Verilog_Design_Code/constant_select.sv:29]
INFO: [Synth 8-6157] synthesizing module 'hash_interative_with_d_r_c' [C:/Users/HP/Desktop/Degree/Nisan_final_project/Code_files/1.Verilog_Design_Code/hash_interative_with_d_r_c.sv:32]
INFO: [Synth 8-294] found qualifier unique on case statement: implementing as parallel_case [C:/Users/HP/Desktop/Degree/Nisan_final_project/Code_files/1.Verilog_Design_Code/hash_interative_with_d_r_c.sv:106]
INFO: [Synth 8-6157] synthesizing module 'd_r_c_round_interative' [C:/Users/HP/Desktop/Degree/Nisan_final_project/Code_files/1.Verilog_Design_Code/d_r_c_round_interative.sv:51]
INFO: [Synth 8-294] found qualifier unique on case statement: implementing as parallel_case [C:/Users/HP/Desktop/Degree/Nisan_final_project/Code_files/1.Verilog_Design_Code/d_r_c_round_interative.sv:133]
INFO: [Synth 8-6157] synthesizing module 'quarter_round' [C:/Users/HP/Desktop/Degree/Nisan_final_project/Code_files/1.Verilog_Design_Code/quarter_round.sv:21]
INFO: [Synth 8-6155] done synthesizing module 'quarter_round' (0#1) [C:/Users/HP/Desktop/Degree/Nisan_final_project/Code_files/1.Verilog_Design_Code/quarter_round.sv:21]
INFO: [Synth 8-6155] done synthesizing module 'd_r_c_round_interative' (0#1) [C:/Users/HP/Desktop/Degree/Nisan_final_project/Code_files/1.Verilog_Design_Code/d_r_c_round_interative.sv:51]
INFO: [Synth 8-6155] done synthesizing module 'hash_interative_with_d_r_c' (0#1) [C:/Users/HP/Desktop/Degree/Nisan_final_project/Code_files/1.Verilog_Design_Code/hash_interative_with_d_r_c.sv:32]
INFO: [Synth 8-6155] done synthesizing module 'salsa_hash_interative_wrapper' (0#1) [C:/Users/HP/Desktop/Degree/Nisan_final_project/Code_files/1.Verilog_Design_Code/salsa_hash_interative_wrapper.sv:28]
INFO: [Synth 8-6157] synthesizing module 'salsa_registers' [C:/Users/HP/Desktop/Degree/Nisan_final_project/Code_files/1.Verilog_Design_Code/salsa_registers.sv:18]
INFO: [Synth 8-6155] done synthesizing module 'salsa_registers' (0#1) [C:/Users/HP/Desktop/Degree/Nisan_final_project/Code_files/1.Verilog_Design_Code/salsa_registers.sv:18]
INFO: [Synth 8-6157] synthesizing module 'salsa_xor_regs' [C:/Users/HP/Desktop/Degree/Nisan_final_project/Code_files/1.Verilog_Design_Code/salsa_xor_regs.sv:16]
INFO: [Synth 8-6155] done synthesizing module 'salsa_xor_regs' (0#1) [C:/Users/HP/Desktop/Degree/Nisan_final_project/Code_files/1.Verilog_Design_Code/salsa_xor_regs.sv:16]
INFO: [Synth 8-6157] synthesizing module 'salsa_rx' [C:/Users/HP/Desktop/Degree/Nisan_final_project/Code_files/1.Verilog_Design_Code/salsa_rx.sv:19]
INFO: [Synth 8-6155] done synthesizing module 'salsa_rx' (0#1) [C:/Users/HP/Desktop/Degree/Nisan_final_project/Code_files/1.Verilog_Design_Code/salsa_rx.sv:19]
INFO: [Synth 8-6157] synthesizing module 'salsa_uart_tx' [C:/Users/HP/Desktop/Degree/Nisan_final_project/Code_files/1.Verilog_Design_Code/salsa_uart_tx.sv:19]
INFO: [Synth 8-6155] done synthesizing module 'salsa_uart_tx' (0#1) [C:/Users/HP/Desktop/Degree/Nisan_final_project/Code_files/1.Verilog_Design_Code/salsa_uart_tx.sv:19]
INFO: [Synth 8-6157] synthesizing module 'salsa_fsm' [C:/Users/HP/Desktop/Degree/Nisan_final_project/Code_files/1.Verilog_Design_Code/salsa_fsm.sv:18]
INFO: [Synth 8-294] found qualifier unique on case statement: implementing as parallel_case [C:/Users/HP/Desktop/Degree/Nisan_final_project/Code_files/1.Verilog_Design_Code/salsa_fsm.sv:119]
INFO: [Synth 8-294] found qualifier unique on case statement: implementing as parallel_case [C:/Users/HP/Desktop/Degree/Nisan_final_project/Code_files/1.Verilog_Design_Code/salsa_fsm.sv:173]
INFO: [Synth 8-6155] done synthesizing module 'salsa_fsm' (0#1) [C:/Users/HP/Desktop/Degree/Nisan_final_project/Code_files/1.Verilog_Design_Code/salsa_fsm.sv:18]
INFO: [Synth 8-6157] synthesizing module 'hex_to_SSD' [C:/Users/HP/Desktop/Degree/Nisan_final_project/Code_files/1.Verilog_Design_Code/hex_to_SSD.sv:15]
INFO: [Synth 8-226] default block is never used [C:/Users/HP/Desktop/Degree/Nisan_final_project/Code_files/1.Verilog_Design_Code/hex_to_SSD.sv:29]
INFO: [Synth 8-226] default block is never used [C:/Users/HP/Desktop/Degree/Nisan_final_project/Code_files/1.Verilog_Design_Code/hex_to_SSD.sv:52]
INFO: [Synth 8-6155] done synthesizing module 'hex_to_SSD' (0#1) [C:/Users/HP/Desktop/Degree/Nisan_final_project/Code_files/1.Verilog_Design_Code/hex_to_SSD.sv:15]
INFO: [Synth 8-6155] done synthesizing module 'top_salsa_xilinx' (0#1) [C:/Users/HP/Desktop/Degree/Nisan_final_project/Code_files/1.Verilog_Design_Code/top_salsa_xilinx.sv:18]
WARNING: [Synth 8-7137] Register r_data_reg in module salsa_uart_tx has both Set and reset with same priority. This may cause simulation mismatches. Consider rewriting code  [C:/Users/HP/Desktop/Degree/Nisan_final_project/Code_files/1.Verilog_Design_Code/salsa_uart_tx.sv:69]
---------------------------------------------------------------------------------
Finished RTL Elaboration : Time (s): cpu = 00:00:09 ; elapsed = 00:00:10 . Memory (MB): peak = 1172.730 ; gain = 602.527
---------------------------------------------------------------------------------
---------------------------------------------------------------------------------
Start Handling Custom Attributes
---------------------------------------------------------------------------------
---------------------------------------------------------------------------------
Finished Handling Custom Attributes : Time (s): cpu = 00:00:09 ; elapsed = 00:00:11 . Memory (MB): peak = 1172.730 ; gain = 602.527
---------------------------------------------------------------------------------
---------------------------------------------------------------------------------
Finished RTL Optimization Phase 1 : Time (s): cpu = 00:00:09 ; elapsed = 00:00:11 . Memory (MB): peak = 1172.730 ; gain = 602.527
---------------------------------------------------------------------------------
Netlist sorting complete. Time (s): cpu = 00:00:00 ; elapsed = 00:00:00.127 . Memory (MB): peak = 1172.730 ; gain = 0.000
INFO: [Project 1-570] Preparing netlist for logic optimization

Processing XDC Constraints
Initializing timing engine
Parsing XDC File [c:/Users/HP/Desktop/my_vivado_pll.gen/sources_1/ip/clk_wiz_0/clk_wiz_0/clk_wiz_0_in_context.xdc] for cell 'salsa_top_xilinix_ip_pll'
Finished Parsing XDC File [c:/Users/HP/Desktop/my_vivado_pll.gen/sources_1/ip/clk_wiz_0/clk_wiz_0/clk_wiz_0_in_context.xdc] for cell 'salsa_top_xilinix_ip_pll'
Parsing XDC File [C:/Users/HP/Desktop/Degree/Nisan_final_project/Code_files/6. xdc_files/basys3_salsa_top.xdc]
WARNING: [Constraints 18-619] A clock with name 'salsa_top_100mhz_clk' already exists, overwriting the previous clock with the same name. [C:/Users/HP/Desktop/Degree/Nisan_final_project/Code_files/6. xdc_files/basys3_salsa_top.xdc:7]
CRITICAL WARNING: [Constraints 18-1056] Clock 'salsa_top_80mhz_pll_clk' completely overrides clock 'salsa_top_xilinix_ip_pll/clk_out1'.
New: create_generated_clock -name salsa_top_80mhz_pll_clk -source [get_ports salsa_top_100mhz_clk] -divide_by 5 -multiply_by 4 [get_pins salsa_top_xilinix_ip_pll/clk_out1], [C:/Users/HP/Desktop/Degree/Nisan_final_project/Code_files/6. xdc_files/basys3_salsa_top.xdc:11]
Previous: create_generated_clock -source [get_pins salsa_top_xilinix_ip_pll/clk_in1] -edges {1 2 3} -edge_shift {0.000 1.250 2.500} [get_pins salsa_top_xilinix_ip_pll/clk_out1], [c:/Users/HP/Desktop/my_vivado_pll.gen/sources_1/ip/clk_wiz_0/clk_wiz_0/clk_wiz_0_in_context.xdc:2]
Resolution: Review the constraint files and remove the redundant clock definition(s). If the clock constraints are not saved in a file, you can first save the constraints to an XDC file and reload the design once the constraints have been corrected.
Finished Parsing XDC File [C:/Users/HP/Desktop/Degree/Nisan_final_project/Code_files/6. xdc_files/basys3_salsa_top.xdc]
INFO: [Project 1-236] Implementation specific constraints were found while reading constraint file [C:/Users/HP/Desktop/Degree/Nisan_final_project/Code_files/6. xdc_files/basys3_salsa_top.xdc]. These constraints will be ignored for synthesis but will be used in implementation. Impacted constraints are listed in the file [.Xil/top_salsa_xilinx_propImpl.xdc].
Resolution: To avoid this warning, move constraints listed in [.Xil/top_salsa_xilinx_propImpl.xdc] to another XDC file and exclude this new file from synthesis with the used_in_synthesis property (File Properties dialog in GUI) and re-run elaboration/synthesis.
Parsing XDC File [C:/Users/HP/Desktop/Degree/Nisan_final_project/vivado_implementation/top_interative_02/top_interative_02.runs/synth_1/dont_touch.xdc]
Finished Parsing XDC File [C:/Users/HP/Desktop/Degree/Nisan_final_project/vivado_implementation/top_interative_02/top_interative_02.runs/synth_1/dont_touch.xdc]
Completed Processing XDC Constraints

Netlist sorting complete. Time (s): cpu = 00:00:00 ; elapsed = 00:00:00.002 . Memory (MB): peak = 1258.980 ; gain = 0.000
INFO: [Project 1-111] Unisim Transformation Summary:
No Unisim elements were transformed.

Constraint Validation Runtime : Time (s): cpu = 00:00:00 ; elapsed = 00:00:00.048 . Memory (MB): peak = 1258.980 ; gain = 0.000
INFO: [Designutils 20-5440] No compile time benefit to using incremental synthesis; A full resynthesis will be run
INFO: [Designutils 20-4379] Flow is switching to default flow due to incremental criteria not met. If you would like to alter this behaviour and have the flow terminate instead, please set the following parameter config_implementation {autoIncr.Synth.RejectBehavior Terminate}
---------------------------------------------------------------------------------
Finished Constraint Validation : Time (s): cpu = 00:00:20 ; elapsed = 00:00:22 . Memory (MB): peak = 1258.980 ; gain = 688.777
---------------------------------------------------------------------------------
---------------------------------------------------------------------------------
Start Loading Part and Timing Information
---------------------------------------------------------------------------------
Loading part: xc7a35tcpg236-1
---------------------------------------------------------------------------------
Finished Loading Part and Timing Information : Time (s): cpu = 00:00:20 ; elapsed = 00:00:22 . Memory (MB): peak = 1258.980 ; gain = 688.777
---------------------------------------------------------------------------------
---------------------------------------------------------------------------------
Start Applying 'set_property' XDC Constraints
---------------------------------------------------------------------------------
Applied set_property IO_BUFFER_TYPE = NONE for salsa_top_100mhz_clk. (constraint file  c:/Users/HP/Desktop/my_vivado_pll.gen/sources_1/ip/clk_wiz_0/clk_wiz_0/clk_wiz_0_in_context.xdc, line 3).
Applied set_property CLOCK_BUFFER_TYPE = NONE for salsa_top_100mhz_clk. (constraint file  c:/Users/HP/Desktop/my_vivado_pll.gen/sources_1/ip/clk_wiz_0/clk_wiz_0/clk_wiz_0_in_context.xdc, line 4).
Applied set_property KEEP_HIERARCHY = SOFT for salsa_top_xilinix_ip_pll. (constraint file  auto generated constraint).
---------------------------------------------------------------------------------
Finished applying 'set_property' XDC Constraints : Time (s): cpu = 00:00:20 ; elapsed = 00:00:22 . Memory (MB): peak = 1258.980 ; gain = 688.777
---------------------------------------------------------------------------------
INFO: [Synth 8-802] inferred FSM for state register 'd_r_c_fsm_ps_reg' in module 'd_r_c_round_interative'
INFO: [Synth 8-802] inferred FSM for state register 'fsm_ps_reg' in module 'hash_interative_with_d_r_c'
INFO: [Synth 8-802] inferred FSM for state register 'salsa_fsm_ps_reg' in module 'salsa_fsm'
---------------------------------------------------------------------------------------------------
                   State |                     New Encoding |                Previous Encoding 
---------------------------------------------------------------------------------------------------
                    IDLE |                              000 |                              000
            SAMPLE_INPUT |                              001 |                              001
                  QR_SET |                              010 |                              010
                 SET_MTX |                              011 |                              011
                   DELAY |                              100 |                              100
              QR_COUNTER |                              101 |                              101
           SAMPLE_OUTPUT |                              110 |                              110
                    DONE |                              111 |                              111
---------------------------------------------------------------------------------------------------
INFO: [Synth 8-3354] encoded FSM with state register 'd_r_c_fsm_ps_reg' using encoding 'sequential' in module 'd_r_c_round_interative'
---------------------------------------------------------------------------------------------------
                   State |                     New Encoding |                Previous Encoding 
---------------------------------------------------------------------------------------------------
                    IDLE |                              000 |                             0000
          SAMPLE_INITIAL |                              001 |                             0001
                 SET_MTX |                              010 |                             0010
             COMBO_CYCLE |                              011 |                             0011
        WAIT2DOUBLE_DONE |                              100 |                             0100
          SAMPLE_DOB_OUT |                              101 |                             0101
              ROUND_CNTR |                              110 |                             0110
                    DONE |                              111 |                             0111
---------------------------------------------------------------------------------------------------
INFO: [Synth 8-3354] encoded FSM with state register 'fsm_ps_reg' using encoding 'sequential' in module 'hash_interative_with_d_r_c'
---------------------------------------------------------------------------------------------------
                   State |                     New Encoding |                Previous Encoding 
---------------------------------------------------------------------------------------------------
                    IDLE |                       0000000001 |                             0000
         RECEIVE_ADDRESS |                       0000000010 |                             0001
         RECEIVE_COMMAND |                       0000000100 |                             0010
          TX_START_PULSE |                       0000001000 |                             1000
              WAIT_CYCLE |                       0000010000 |                             0110
            BYTE_COUNTER |                       0000100000 |                             0111
    RECEIVE_DATA_TO_REGS |                       0001000000 |                             0011
             BYTE_ENABLE |                       0010000000 |                             0100
              HIT_SAMPLE |                       0100000000 |                             0101
               READ_LOOP |                       1000000000 |                             1001
---------------------------------------------------------------------------------------------------
INFO: [Synth 8-3354] encoded FSM with state register 'salsa_fsm_ps_reg' using encoding 'one-hot' in module 'salsa_fsm'
---------------------------------------------------------------------------------
Finished RTL Optimization Phase 2 : Time (s): cpu = 00:00:21 ; elapsed = 00:00:23 . Memory (MB): peak = 1258.980 ; gain = 688.777
---------------------------------------------------------------------------------
---------------------------------------------------------------------------------
Start RTL Component Statistics 
---------------------------------------------------------------------------------
Detailed RTL Component Info : 
+---Adders : 
	   2 Input   32 Bit       Adders := 20    
	   2 Input   10 Bit       Adders := 2     
	   2 Input    4 Bit       Adders := 5     
	   2 Input    3 Bit       Adders := 1     
	   2 Input    2 Bit       Adders := 1     
+---XORs : 
	   2 Input     32 Bit         XORs := 20    
+---Registers : 
	              512 Bit    Registers := 4     
	               32 Bit    Registers := 163   
	               10 Bit    Registers := 2     
	                8 Bit    Registers := 3     
	                6 Bit    Registers := 1     
	                4 Bit    Registers := 6     
	                3 Bit    Registers := 2     
	                2 Bit    Registers := 1     
	                1 Bit    Registers := 20    
+---Muxes : 
	   2 Input  512 Bit        Muxes := 3     
	   2 Input   32 Bit        Muxes := 64    
	   4 Input   32 Bit        Muxes := 1     
	   2 Input   31 Bit        Muxes := 1     
	   2 Input   30 Bit        Muxes := 1     
	   2 Input   10 Bit        Muxes := 11    
	  10 Input   10 Bit        Muxes := 1     
	   3 Input   10 Bit        Muxes := 1     
	   4 Input   10 Bit        Muxes := 1     
	   4 Input    8 Bit        Muxes := 1     
	   4 Input    4 Bit        Muxes := 5     
	   2 Input    4 Bit        Muxes := 10    
	  10 Input    4 Bit        Muxes := 2     
	   2 Input    3 Bit        Muxes := 3     
	   8 Input    3 Bit        Muxes := 2     
	   2 Input    2 Bit        Muxes := 2     
	   2 Input    1 Bit        Muxes := 23    
	   8 Input    1 Bit        Muxes := 15    
	   4 Input    1 Bit        Muxes := 4     
	   3 Input    1 Bit        Muxes := 1     
	  10 Input    1 Bit        Muxes := 6     
---------------------------------------------------------------------------------
Finished RTL Component Statistics 
---------------------------------------------------------------------------------
---------------------------------------------------------------------------------
Start Part Resource Summary
---------------------------------------------------------------------------------
Part Resources:
DSPs: 90 (col length:60)
BRAMs: 100 (col length: RAMB18 60 RAMB36 30)
---------------------------------------------------------------------------------
Finished Part Resource Summary
---------------------------------------------------------------------------------
---------------------------------------------------------------------------------
Start Cross Boundary and Area Optimization
---------------------------------------------------------------------------------
WARNING: [Synth 8-7080] Parallel synthesis criteria is not met
WARNING: [Synth 8-3917] design top_salsa_xilinx has port dp_set_top driven by constant 0
---------------------------------------------------------------------------------
Finished Cross Boundary and Area Optimization : Time (s): cpu = 00:00:32 ; elapsed = 00:00:35 . Memory (MB): peak = 1280.156 ; gain = 709.953
---------------------------------------------------------------------------------
---------------------------------------------------------------------------------
Start Applying XDC Timing Constraints
---------------------------------------------------------------------------------
WARNING: [Synth 8-565] redefining clock 'salsa_top_100mhz_clk'
---------------------------------------------------------------------------------
Finished Applying XDC Timing Constraints : Time (s): cpu = 00:00:39 ; elapsed = 00:00:42 . Memory (MB): peak = 1372.539 ; gain = 802.336
---------------------------------------------------------------------------------
---------------------------------------------------------------------------------
Start Timing Optimization
---------------------------------------------------------------------------------
---------------------------------------------------------------------------------
Finished Timing Optimization : Time (s): cpu = 00:00:42 ; elapsed = 00:00:45 . Memory (MB): peak = 1396.699 ; gain = 826.496
---------------------------------------------------------------------------------
---------------------------------------------------------------------------------
Start Technology Mapping
---------------------------------------------------------------------------------
---------------------------------------------------------------------------------
Finished Technology Mapping : Time (s): cpu = 00:00:45 ; elapsed = 00:00:48 . Memory (MB): peak = 1421.859 ; gain = 851.656
---------------------------------------------------------------------------------
---------------------------------------------------------------------------------
Start IO Insertion
---------------------------------------------------------------------------------
---------------------------------------------------------------------------------
Start Flattening Before IO Insertion
---------------------------------------------------------------------------------
---------------------------------------------------------------------------------
Finished Flattening Before IO Insertion
---------------------------------------------------------------------------------
---------------------------------------------------------------------------------
Start Final Netlist Cleanup
---------------------------------------------------------------------------------
---------------------------------------------------------------------------------
Finished Final Netlist Cleanup
---------------------------------------------------------------------------------
---------------------------------------------------------------------------------
Finished IO Insertion : Time (s): cpu = 00:00:50 ; elapsed = 00:00:54 . Memory (MB): peak = 1613.176 ; gain = 1042.973
---------------------------------------------------------------------------------
---------------------------------------------------------------------------------
Start Renaming Generated Instances
---------------------------------------------------------------------------------
---------------------------------------------------------------------------------
Finished Renaming Generated Instances : Time (s): cpu = 00:00:50 ; elapsed = 00:00:54 . Memory (MB): peak = 1613.176 ; gain = 1042.973
---------------------------------------------------------------------------------
---------------------------------------------------------------------------------
Start Rebuilding User Hierarchy
---------------------------------------------------------------------------------
---------------------------------------------------------------------------------
Finished Rebuilding User Hierarchy : Time (s): cpu = 00:00:51 ; elapsed = 00:00:55 . Memory (MB): peak = 1613.176 ; gain = 1042.973
---------------------------------------------------------------------------------
---------------------------------------------------------------------------------
Start Renaming Generated Ports
---------------------------------------------------------------------------------
---------------------------------------------------------------------------------
Finished Renaming Generated Ports : Time (s): cpu = 00:00:51 ; elapsed = 00:00:55 . Memory (MB): peak = 1613.176 ; gain = 1042.973
---------------------------------------------------------------------------------
---------------------------------------------------------------------------------
Start Handling Custom Attributes
---------------------------------------------------------------------------------
---------------------------------------------------------------------------------
Finished Handling Custom Attributes : Time (s): cpu = 00:00:51 ; elapsed = 00:00:55 . Memory (MB): peak = 1613.176 ; gain = 1042.973
---------------------------------------------------------------------------------
---------------------------------------------------------------------------------
Start Renaming Generated Nets
---------------------------------------------------------------------------------
---------------------------------------------------------------------------------
Finished Renaming Generated Nets : Time (s): cpu = 00:00:51 ; elapsed = 00:00:55 . Memory (MB): peak = 1613.176 ; gain = 1042.973
---------------------------------------------------------------------------------
---------------------------------------------------------------------------------
Start Writing Synthesis Report
---------------------------------------------------------------------------------

Report BlackBoxes: 
+------+--------------+----------+
|      |BlackBox name |Instances |
+------+--------------+----------+
|1     |clk_wiz_0     |         1|
+------+--------------+----------+

Report Cell Usage: 
+------+--------+------+
|      |Cell    |Count |
+------+--------+------+
|1     |clk_wiz |     1|
|2     |CARRY4  |   160|
|3     |LUT1    |     2|
|4     |LUT2    |   845|
|5     |LUT3    |   499|
|6     |LUT4    |   609|
|7     |LUT5    |    41|
|8     |LUT6    |  1117|
|9     |MUXF7   |   389|
|10    |MUXF8   |    64|
|11    |FDCE    |  7205|
|12    |FDPE    |     5|
|13    |FDRE    |     8|
|14    |IBUF    |     2|
|15    |OBUF    |    16|
+------+--------+------+
---------------------------------------------------------------------------------
Finished Writing Synthesis Report : Time (s): cpu = 00:00:51 ; elapsed = 00:00:55 . Memory (MB): peak = 1613.176 ; gain = 1042.973
---------------------------------------------------------------------------------
Synthesis finished with 0 errors, 0 critical warnings and 3 warnings.
Synthesis Optimization Runtime : Time (s): cpu = 00:00:39 ; elapsed = 00:00:51 . Memory (MB): peak = 1613.176 ; gain = 956.723
Synthesis Optimization Complete : Time (s): cpu = 00:00:52 ; elapsed = 00:00:55 . Memory (MB): peak = 1613.176 ; gain = 1042.973
INFO: [Project 1-571] Translating synthesized netlist
Netlist sorting complete. Time (s): cpu = 00:00:00 ; elapsed = 00:00:00.138 . Memory (MB): peak = 1628.711 ; gain = 0.000
INFO: [Netlist 29-17] Analyzing 613 Unisim elements for replacement
INFO: [Netlist 29-28] Unisim Transformation completed in 1 CPU seconds
INFO: [Project 1-570] Preparing netlist for logic optimization
INFO: [Opt 31-138] Pushed 0 inverter(s) to 0 load pin(s).
Netlist sorting complete. Time (s): cpu = 00:00:00 ; elapsed = 00:00:00.003 . Memory (MB): peak = 1632.219 ; gain = 0.000
INFO: [Project 1-111] Unisim Transformation Summary:
No Unisim elements were transformed.

Synth Design complete | Checksum: 7cb09de2
INFO: [Common 17-83] Releasing license: Synthesis
59 Infos, 5 Warnings, 1 Critical Warnings and 0 Errors encountered.
synth_design completed successfully
synth_design: Time (s): cpu = 00:00:57 ; elapsed = 00:01:18 . Memory (MB): peak = 1632.219 ; gain = 1253.219
INFO: [runtcl-6] Synthesis results are not added to the cache due to CRITICAL_WARNING
Write ShapeDB Complete: Time (s): cpu = 00:00:00 ; elapsed = 00:00:00.026 . Memory (MB): peak = 1632.219 ; gain = 0.000
INFO: [Common 17-1381] The checkpoint 'C:/Users/HP/Desktop/Degree/Nisan_final_project/vivado_implementation/top_interative_02/top_interative_02.runs/synth_1/top_salsa_xilinx.dcp' has been generated.
INFO: [Vivado 12-24828] Executing command : report_utilization -file top_salsa_xilinx_utilization_synth.rpt -pb top_salsa_xilinx_utilization_synth.pb
INFO: [Common 17-206] Exiting Vivado at Thu Oct  9 23:48:19 2025...
