Copyright 1986-2022 Xilinx, Inc. All Rights Reserved. Copyright 2022-2024 Advanced Micro Devices, Inc. All Rights Reserved.
--------------------------------------------------------------------------------------------------------------------------------------------------------------------------------------
| Tool Version : Vivado v.2024.2 (win64) Build 5239630 Fri Nov 08 22:35:27 MST 2024
| Date         : Thu Oct  9 23:51:17 2025
| Host         : NIisan running 64-bit major release  (build 9200)
| Command      : report_methodology -file top_salsa_xilinx_methodology_drc_routed.rpt -pb top_salsa_xilinx_methodology_drc_routed.pb -rpx top_salsa_xilinx_methodology_drc_routed.rpx
| Design       : top_salsa_xilinx
| Device       : xc7a35tcpg236-1
| Speed File   : -1
| Design State : Fully Routed
--------------------------------------------------------------------------------------------------------------------------------------------------------------------------------------

Report Methodology

Table of Contents
-----------------
1. REPORT SUMMARY
2. REPORT DETAILS

1. REPORT SUMMARY
-----------------
            Netlist: netlist
          Floorplan: checkpoint_top_salsa_xilinx
      Design limits: <entire design considered>
             Max checks: <unlimited>
             Checks found: 21
+-----------+----------+-------------------------------------------------------------+--------+
| Rule      | Severity | Description                                                 | Checks |
+-----------+----------+-------------------------------------------------------------+--------+
| TIMING-30 | Warning  | Sub-optimal master source pin selection for generated clock | 1      |
| XDCC-1    | Warning  | Scoped Clock constraint overwritten with the same name      | 1      |
| XDCC-7    | Warning  | Scoped Clock constraint overwritten on the same source      | 1      |
| XDCH-2    | Warning  | Same min and max delay values on IO port                    | 18     |
+-----------+----------+-------------------------------------------------------------+--------+

2. REPORT DETAILS
-----------------
TIMING-30#1 Warning
Sub-optimal master source pin selection for generated clock  
The generated clock salsa_top_80mhz_pll_clk has a sub-optimal master source pin selection, timing can be pessimistic
Related violations: <none>

XDCC-1#1 Warning
Scoped Clock constraint overwritten with the same name  
A new clock constraint create_clock overrides a previous scoped clock constraint with the same name. It is not recommended to override a scoped (typically an IP) clock constraint and could result in unexpected behaviors.
New: create_clock -period 10.000 -name salsa_top_100mhz_clk -waveform {0.000 5.000} [get_ports salsa_top_100mhz_clk] (Source: C:/Users/HP/Desktop/Degree/Nisan_final_project/Code_files/6. xdc_files/basys3_salsa_top.xdc (Line: 7))
Previous: create_clock -period 10.000 [get_ports salsa_top_100mhz_clk] (Source: C:/Users/HP/Desktop/my_vivado_pll.gen/sources_1/ip/clk_wiz_0/clk_wiz_0.xdc (Line: 53))
Related violations: <none>

XDCC-7#1 Warning
Scoped Clock constraint overwritten on the same source  
A new clock constraint create_clock overrides a previous scoped clock constraint defined on the same source. It is not recommended to override a scoped (typically an IP) clock constraint and could result in unexpected behaviors.
New: create_clock -period 10.000 -name salsa_top_100mhz_clk -waveform {0.000 5.000} [get_ports salsa_top_100mhz_clk] (Source: C:/Users/HP/Desktop/Degree/Nisan_final_project/Code_files/6. xdc_files/basys3_salsa_top.xdc (Line: 7))
Previous: create_clock -period 10.000 [get_ports salsa_top_100mhz_clk] (Source: C:/Users/HP/Desktop/my_vivado_pll.gen/sources_1/ip/clk_wiz_0/clk_wiz_0.xdc (Line: 53))
Related violations: <none>

XDCH-2#1 Warning
Same min and max delay values on IO port  
The same input delay of 0.000 ns has been defined on port 'rs232_rx_top' relative to clock salsa_top_80mhz_pll_clk for both max and min. Make sure this reflects the design intent.
set_input_delay -clock salsa_top_80mhz_pll_clk -add_delay 0.000 [get_ports {salsa_top_rst_n rs232_rx_top}]
C:/Users/HP/Desktop/Degree/Nisan_final_project/Code_files/6. xdc_files/basys3_salsa_top.xdc (Line: 17)
Related violations: <none>

XDCH-2#2 Warning
Same min and max delay values on IO port  
The same input delay of 0.000 ns has been defined on port 'salsa_top_rst_n' relative to clock salsa_top_80mhz_pll_clk for both max and min. Make sure this reflects the design intent.
set_input_delay -clock salsa_top_80mhz_pll_clk -add_delay 0.000 [get_ports {salsa_top_rst_n rs232_rx_top}]
C:/Users/HP/Desktop/Degree/Nisan_final_project/Code_files/6. xdc_files/basys3_salsa_top.xdc (Line: 17)
Related violations: <none>

XDCH-2#3 Warning
Same min and max delay values on IO port  
The same output delay of 0.000 ns has been defined on port 'anode_set_top[0]' relative to clock salsa_top_80mhz_pll_clk for both max and min. Make sure this reflects the design intent.
set_output_delay -clock salsa_top_80mhz_pll_clk -add_delay 0.000 [get_ports {anode_set_top* dp_set_top seven_seg_top*}]
C:/Users/HP/Desktop/Degree/Nisan_final_project/Code_files/6. xdc_files/basys3_salsa_top.xdc (Line: 25)
Related violations: <none>

XDCH-2#4 Warning
Same min and max delay values on IO port  
The same output delay of 0.000 ns has been defined on port 'anode_set_top[1]' relative to clock salsa_top_80mhz_pll_clk for both max and min. Make sure this reflects the design intent.
set_output_delay -clock salsa_top_80mhz_pll_clk -add_delay 0.000 [get_ports {anode_set_top* dp_set_top seven_seg_top*}]
C:/Users/HP/Desktop/Degree/Nisan_final_project/Code_files/6. xdc_files/basys3_salsa_top.xdc (Line: 25)
Related violations: <none>

XDCH-2#5 Warning
Same min and max delay values on IO port  
The same output delay of 0.000 ns has been defined on port 'anode_set_top[2]' relative to clock salsa_top_80mhz_pll_clk for both max and min. Make sure this reflects the design intent.
set_output_delay -clock salsa_top_80mhz_pll_clk -add_delay 0.000 [get_ports {anode_set_top* dp_set_top seven_seg_top*}]
C:/Users/HP/Desktop/Degree/Nisan_final_project/Code_files/6. xdc_files/basys3_salsa_top.xdc (Line: 25)
Related violations: <none>

XDCH-2#6 Warning
Same min and max delay values on IO port  
The same output delay of 0.000 ns has been defined on port 'anode_set_top[3]' relative to clock salsa_top_80mhz_pll_clk for both max and min. Make sure this reflects the design intent.
set_output_delay -clock salsa_top_80mhz_pll_clk -add_delay 0.000 [get_ports {anode_set_top* dp_set_top seven_seg_top*}]
C:/Users/HP/Desktop/Degree/Nisan_final_project/Code_files/6. xdc_files/basys3_salsa_top.xdc (Line: 25)
Related violations: <none>

XDCH-2#7 Warning
Same min and max delay values on IO port  
The same output delay of 0.000 ns has been defined on port 'dp_set_top' relative to clock salsa_top_80mhz_pll_clk for both max and min. Make sure this reflects the design intent.
set_output_delay -clock salsa_top_80mhz_pll_clk -add_delay 0.000 [get_ports {anode_set_top* dp_set_top seven_seg_top*}]
C:/Users/HP/Desktop/Degree/Nisan_final_project/Code_files/6. xdc_files/basys3_salsa_top.xdc (Line: 25)
Related violations: <none>

XDCH-2#8 Warning
Same min and max delay values on IO port  
The same output delay of 0.000 ns has been defined on port 'hash_done_sticky_top' relative to clock salsa_top_80mhz_pll_clk for both max and min. Make sure this reflects the design intent.
set_output_delay -clock salsa_top_80mhz_pll_clk -add_delay 0.000 [get_ports {rs_232_tx_top hash_done_sticky_top xor_valid_sticky_top salsa_top_pll_locked}]
C:/Users/HP/Desktop/Degree/Nisan_final_project/Code_files/6. xdc_files/basys3_salsa_top.xdc (Line: 23)
Related violations: <none>

XDCH-2#9 Warning
Same min and max delay values on IO port  
The same output delay of 0.000 ns has been defined on port 'rs_232_tx_top' relative to clock salsa_top_80mhz_pll_clk for both max and min. Make sure this reflects the design intent.
set_output_delay -clock salsa_top_80mhz_pll_clk -add_delay 0.000 [get_ports {rs_232_tx_top hash_done_sticky_top xor_valid_sticky_top salsa_top_pll_locked}]
C:/Users/HP/Desktop/Degree/Nisan_final_project/Code_files/6. xdc_files/basys3_salsa_top.xdc (Line: 23)
Related violations: <none>

XDCH-2#10 Warning
Same min and max delay values on IO port  
The same output delay of 0.000 ns has been defined on port 'salsa_top_pll_locked' relative to clock salsa_top_80mhz_pll_clk for both max and min. Make sure this reflects the design intent.
set_output_delay -clock salsa_top_80mhz_pll_clk -add_delay 0.000 [get_ports {rs_232_tx_top hash_done_sticky_top xor_valid_sticky_top salsa_top_pll_locked}]
C:/Users/HP/Desktop/Degree/Nisan_final_project/Code_files/6. xdc_files/basys3_salsa_top.xdc (Line: 23)
Related violations: <none>

XDCH-2#11 Warning
Same min and max delay values on IO port  
The same output delay of 0.000 ns has been defined on port 'seven_seg_top[0]' relative to clock salsa_top_80mhz_pll_clk for both max and min. Make sure this reflects the design intent.
set_output_delay -clock salsa_top_80mhz_pll_clk -add_delay 0.000 [get_ports {anode_set_top* dp_set_top seven_seg_top*}]
C:/Users/HP/Desktop/Degree/Nisan_final_project/Code_files/6. xdc_files/basys3_salsa_top.xdc (Line: 25)
Related violations: <none>

XDCH-2#12 Warning
Same min and max delay values on IO port  
The same output delay of 0.000 ns has been defined on port 'seven_seg_top[1]' relative to clock salsa_top_80mhz_pll_clk for both max and min. Make sure this reflects the design intent.
set_output_delay -clock salsa_top_80mhz_pll_clk -add_delay 0.000 [get_ports {anode_set_top* dp_set_top seven_seg_top*}]
C:/Users/HP/Desktop/Degree/Nisan_final_project/Code_files/6. xdc_files/basys3_salsa_top.xdc (Line: 25)
Related violations: <none>

XDCH-2#13 Warning
Same min and max delay values on IO port  
The same output delay of 0.000 ns has been defined on port 'seven_seg_top[2]' relative to clock salsa_top_80mhz_pll_clk for both max and min. Make sure this reflects the design intent.
set_output_delay -clock salsa_top_80mhz_pll_clk -add_delay 0.000 [get_ports {anode_set_top* dp_set_top seven_seg_top*}]
C:/Users/HP/Desktop/Degree/Nisan_final_project/Code_files/6. xdc_files/basys3_salsa_top.xdc (Line: 25)
Related violations: <none>

XDCH-2#14 Warning
Same min and max delay values on IO port  
The same output delay of 0.000 ns has been defined on port 'seven_seg_top[3]' relative to clock salsa_top_80mhz_pll_clk for both max and min. Make sure this reflects the design intent.
set_output_delay -clock salsa_top_80mhz_pll_clk -add_delay 0.000 [get_ports {anode_set_top* dp_set_top seven_seg_top*}]
C:/Users/HP/Desktop/Degree/Nisan_final_project/Code_files/6. xdc_files/basys3_salsa_top.xdc (Line: 25)
Related violations: <none>

XDCH-2#15 Warning
Same min and max delay values on IO port  
The same output delay of 0.000 ns has been defined on port 'seven_seg_top[4]' relative to clock salsa_top_80mhz_pll_clk for both max and min. Make sure this reflects the design intent.
set_output_delay -clock salsa_top_80mhz_pll_clk -add_delay 0.000 [get_ports {anode_set_top* dp_set_top seven_seg_top*}]
C:/Users/HP/Desktop/Degree/Nisan_final_project/Code_files/6. xdc_files/basys3_salsa_top.xdc (Line: 25)
Related violations: <none>

XDCH-2#16 Warning
Same min and max delay values on IO port  
The same output delay of 0.000 ns has been defined on port 'seven_seg_top[5]' relative to clock salsa_top_80mhz_pll_clk for both max and min. Make sure this reflects the design intent.
set_output_delay -clock salsa_top_80mhz_pll_clk -add_delay 0.000 [get_ports {anode_set_top* dp_set_top seven_seg_top*}]
C:/Users/HP/Desktop/Degree/Nisan_final_project/Code_files/6. xdc_files/basys3_salsa_top.xdc (Line: 25)
Related violations: <none>

XDCH-2#17 Warning
Same min and max delay values on IO port  
The same output delay of 0.000 ns has been defined on port 'seven_seg_top[6]' relative to clock salsa_top_80mhz_pll_clk for both max and min. Make sure this reflects the design intent.
set_output_delay -clock salsa_top_80mhz_pll_clk -add_delay 0.000 [get_ports {anode_set_top* dp_set_top seven_seg_top*}]
C:/Users/HP/Desktop/Degree/Nisan_final_project/Code_files/6. xdc_files/basys3_salsa_top.xdc (Line: 25)
Related violations: <none>

XDCH-2#18 Warning
Same min and max delay values on IO port  
The same output delay of 0.000 ns has been defined on port 'xor_valid_sticky_top' relative to clock salsa_top_80mhz_pll_clk for both max and min. Make sure this reflects the design intent.
set_output_delay -clock salsa_top_80mhz_pll_clk -add_delay 0.000 [get_ports {rs_232_tx_top hash_done_sticky_top xor_valid_sticky_top salsa_top_pll_locked}]
C:/Users/HP/Desktop/Degree/Nisan_final_project/Code_files/6. xdc_files/basys3_salsa_top.xdc (Line: 23)
Related violations: <none>


